
> Configure project :fabric
Fabric Loom: 1.17.19

> Task :core:compileJava NO-SOURCE
> Task :core:processResources NO-SOURCE
> Task :core:classes UP-TO-DATE
> Task :core:jar
> Task :core:sourcesJar
> Task :core:assemble
> Task :core:compileTestJava NO-SOURCE
> Task :core:processTestResources NO-SOURCE
> Task :core:testClasses UP-TO-DATE
> Task :core:test SKIPPED
> Task :core:check UP-TO-DATE
> Task :core:build
> Task :fabric:processResources
> Task :fabric:compileJava
> Task :fabric:classes
> Task :fabric:processIncludeJars
> Task :fabric:sourcesJar
> Task :fabric:compileTestJava NO-SOURCE
> Task :fabric:processTestResources NO-SOURCE
> Task :fabric:testClasses UP-TO-DATE
> Task :fabric:test NO-SOURCE
> Task :fabric:validateAccessWidener NO-SOURCE
> Task :fabric:check UP-TO-DATE
> Task :fabric:jar
> Task :fabric:assemble
> Task :fabric:build
> Task :fabric:dist

[Incubating] Problems report is available at: file:///A:/MrPinoys%20Mods/wayfarers/build/reports/problems/problems-report.html

Deprecated Gradle features were used in this build, making it incompatible with Gradle 10.

You can use '--warning-mode all' to show the individual deprecation warnings and determine if they come from your own scripts or plugins.

For more on this, please refer to https://docs.gradle.org/9.5.1/userguide/command_line_interface.html#sec:command_line_warnings in the Gradle documentation.

BUILD SUCCESSFUL in 16s
8 actionable tasks: 8 executed

